{
  "sessionAttributes": {
    "started": "true",
    "currentQuestion": "16",
    "currentScore": "0",
    "currentSlot": "sixteen"
  },
  "dialogAction": {
    "type": "Close",
    "fulfillmentState": "Fulfilled",
    "message": {
      "contentType": "PlainText",
      "content": "That is correct! Thanks for playing! Your final score is 400 points"
    }
  }
}
