{
  "sessionAttributes": {
    "started": true,
    "currentQuestion": 1,
    "currentSlot": "one",
    "currentScore": 0
  },
  "dialogAction": {
    "type": "ElicitSlot",
    "intentName": "LetsPlay",
    "slots": {
      "fifteen": null,
      "nine": null,
      "six": null,
      "one": null,
      "seven": null,
      "three": null,
      "two": null,
      "thirteen": null,
      "eight": null,
      "fourteen": null,
      "four": null,
      "sixteen": null,
      "twelve": null,
      "eleven": null,
      "ten": null,
      "five": null
    },
    "slotToElicit": "one",
    "message": {
      "contentType": "PlainText",
      "content": "Let's play re:Invent Trivia! The game covers four categories with four questions each. Starting with the \"Know Your History\" category, for 100 points: What year was the first AWS re:Invent held?"
    }
  }
}
